Функция 'test_function_file' вызвана с аргументами: args=(4, 5), kwargs={}
Функция 'test_function_file' завершила выполнение. Результат: 20
